\BOOKMARK [0][-]{chapter*.4}{\376\377\000R\000e\000s\000u\000m\000o}{}% 1
\BOOKMARK [0][-]{chapter*.5}{\376\377\000A\000b\000s\000t\000r\000a\000c\000t}{}% 2
\BOOKMARK [0][-]{chapter.1}{\376\377\000I\000n\000t\000r\000o\000d\000u\000\347\000\343\000o}{}% 3
\BOOKMARK [1][-]{section.1.1}{\376\377\000C\000o\000n\000t\000e\000x\000t\000o\000\040\000e\000\040\000m\000o\000t\000i\000v\000a\000\347\000\343\000o}{chapter.1}% 4
\BOOKMARK [1][-]{section.1.2}{\376\377\000O\000b\000j\000e\000t\000i\000v\000o\000s}{chapter.1}% 5
\BOOKMARK [2][-]{subsection.1.2.1}{\376\377\000O\000b\000j\000e\000t\000i\000v\000o\000\040\000g\000e\000r\000a\000l}{section.1.2}% 6
\BOOKMARK [2][-]{subsection.1.2.2}{\376\377\000O\000b\000j\000e\000t\000i\000v\000o\000s\000\040\000e\000s\000p\000e\000c\000\355\000f\000i\000c\000o\000s}{section.1.2}% 7
\BOOKMARK [1][-]{section.1.3}{\376\377\000H\000i\000p\000\363\000t\000e\000s\000e\000s}{chapter.1}% 8
\BOOKMARK [1][-]{section.1.4}{\376\377\000C\000o\000n\000t\000r\000i\000b\000u\000i\000\347\000\365\000e\000s\000\040\000e\000s\000p\000e\000r\000a\000d\000a\000s}{chapter.1}% 9
\BOOKMARK [1][-]{section.1.5}{\376\377\000M\000e\000t\000o\000d\000o\000l\000o\000g\000i\000a\000\040\000d\000a\000\040\000p\000e\000s\000q\000u\000i\000s\000a\000\040\000\050\000v\000i\000s\000\343\000o\000\040\000g\000e\000r\000a\000l\000\051}{chapter.1}% 10
\BOOKMARK [1][-]{section.1.6}{\376\377\000O\000r\000g\000a\000n\000i\000z\000a\000\347\000\343\000o\000\040\000d\000o\000\040\000t\000r\000a\000b\000a\000l\000h\000o}{chapter.1}% 11
\BOOKMARK [0][-]{chapter.2}{\376\377\000L\000e\000v\000a\000n\000t\000a\000m\000e\000n\000t\000o\000\040\000b\000i\000b\000l\000i\000o\000g\000r\000\341\000f\000i\000c\000o\000\040}{}% 12
\BOOKMARK [1][-]{section.2.1}{\376\377\000F\000u\000n\000d\000a\000m\000e\000n\000t\000o\000s\000\040\000d\000o\000\040\000E\000s\000p\000e\000c\000t\000r\000o\000\040\000E\000l\000e\000t\000r\000o\000m\000a\000g\000n\000\351\000t\000i\000c\000o\000\040\000e\000\040\000I\000n\000t\000e\000r\000a\000\347\000\343\000o\000\040\000c\000o\000m\000\040\000a\000\040\000M\000a\000t\000\351\000r\000i\000a}{chapter.2}% 13
\BOOKMARK [2][-]{subsection.2.1.1}{\376\377\000O\000\040\000E\000s\000p\000e\000c\000t\000r\000o\000\040\000E\000l\000e\000t\000r\000o\000m\000a\000g\000n\000\351\000t\000i\000c\000o}{section.2.1}% 14
\BOOKMARK [2][-]{subsection.2.1.2}{\376\377\000P\000r\000o\000p\000r\000i\000e\000d\000a\000d\000e\000s\000\040\000\323\000p\000t\000i\000c\000a\000s\000\040\000d\000o\000s\000\040\000M\000a\000t\000e\000r\000i\000a\000i\000s}{section.2.1}% 15
\BOOKMARK [2][-]{subsection.2.1.3}{\376\377\000P\000r\000i\000n\000c\000\355\000p\000i\000o\000s\000\040\000d\000e\000\040\000S\000e\000n\000s\000o\000r\000i\000a\000m\000e\000n\000t\000o\000\040\000E\000s\000p\000e\000c\000t\000r\000a\000l}{section.2.1}% 16
\BOOKMARK [1][-]{section.2.2}{\376\377\000C\000\342\000m\000e\000r\000a\000s\000\040\000H\000i\000p\000e\000r\000e\000s\000p\000e\000c\000t\000r\000a\000i\000s\000:\000\040\000T\000e\000c\000n\000o\000l\000o\000g\000i\000a\000\040\000e\000\040\000A\000p\000l\000i\000c\000a\000\347\000\365\000e\000s}{chapter.2}% 17
\BOOKMARK [2][-]{subsection.2.2.1}{\376\377\000T\000i\000p\000o\000s\000\040\000d\000e\000\040\000S\000i\000s\000t\000e\000m\000a\000s\000\040\000d\000e\000\040\000I\000m\000a\000g\000e\000a\000m\000e\000n\000t\000o\000\040\000H\000i\000p\000e\000r\000e\000s\000p\000e\000c\000t\000r\000a\000l}{section.2.2}% 18
\BOOKMARK [2][-]{subsection.2.2.2}{\376\377\000P\000r\000i\000n\000c\000i\000p\000a\000i\000s\000\040\000A\000p\000l\000i\000c\000a\000\347\000\365\000e\000s\000\040\000e\000\040\000D\000o\000m\000\355\000n\000i\000o\000s\000\040\000d\000e\000\040\000U\000s\000o}{section.2.2}% 19
\BOOKMARK [2][-]{subsection.2.2.3}{\376\377\000S\000e\000n\000s\000o\000r\000e\000s\000\040\000e\000\040\000S\000i\000s\000t\000e\000m\000a\000s\000\040\000C\000o\000m\000e\000r\000c\000i\000a\000i\000s\000\040\000R\000e\000p\000r\000e\000s\000e\000n\000t\000a\000t\000i\000v\000o\000s}{section.2.2}% 20
\BOOKMARK [2][-]{subsection.2.2.4}{\376\377\000E\000s\000t\000r\000u\000t\000u\000r\000a\000\040\000e\000\040\000D\000i\000m\000e\000n\000s\000i\000o\000n\000a\000l\000i\000d\000a\000d\000e\000\040\000d\000o\000s\000\040\000D\000a\000d\000o\000s}{section.2.2}% 21
\BOOKMARK [2][-]{subsection.2.2.5}{\376\377\000D\000a\000t\000a\000s\000e\000t\000s\000\040\000P\000\372\000b\000l\000i\000c\000o\000s\000\040\000d\000e\000\040\000R\000e\000f\000e\000r\000\352\000n\000c\000i\000a}{section.2.2}% 22
\BOOKMARK [0][-]{chapter.3}{\376\377\000P\000r\000o\000p\000o\000s\000t\000a\000\040\000e\000\040\000m\000e\000t\000o\000d\000o\000l\000o\000g\000i\000a}{}% 23
\BOOKMARK [0][-]{chapter.4}{\376\377\000C\000o\000n\000c\000l\000u\000s\000\365\000e\000s\000\040\000e\000\040\000t\000r\000a\000b\000a\000l\000h\000o\000s\000\040\000f\000u\000t\000u\000r\000o\000s}{}% 24
