\BOOKMARK [0][-]{chapter*.4}{\376\377\000R\000e\000s\000u\000m\000o}{}% 1
\BOOKMARK [0][-]{chapter*.5}{\376\377\000A\000b\000s\000t\000r\000a\000c\000t}{}% 2
\BOOKMARK [0][-]{chapter.1}{\376\377\000I\000n\000t\000r\000o\000d\000u\000\347\000\343\000o}{}% 3
\BOOKMARK [1][-]{section.1.1}{\376\377\000C\000o\000n\000t\000e\000x\000t\000o\000\040\000e\000\040\000M\000o\000t\000i\000v\000a\000\347\000\343\000o}{chapter.1}% 4
\BOOKMARK [1][-]{section.1.2}{\376\377\000P\000r\000o\000b\000l\000e\000m\000a\000\040\000d\000e\000\040\000P\000e\000s\000q\000u\000i\000s\000a}{chapter.1}% 5
\BOOKMARK [1][-]{section.1.3}{\376\377\000O\000b\000j\000e\000t\000i\000v\000o\000s}{chapter.1}% 6
\BOOKMARK [1][-]{section.1.4}{\376\377\000E\000s\000t\000r\000u\000t\000u\000r\000a\000\040\000d\000a\000\040\000D\000i\000s\000s\000e\000r\000t\000a\000\347\000\343\000o}{chapter.1}% 7
\BOOKMARK [0][-]{chapter.2}{\376\377\000L\000e\000v\000a\000n\000t\000a\000m\000e\000n\000t\000o\000\040\000B\000i\000b\000l\000i\000o\000g\000r\000\341\000f\000i\000c\000o}{}% 8
\BOOKMARK [1][-]{section.2.1}{\376\377\000P\000r\000i\000n\000c\000\355\000p\000i\000o\000s\000\040\000F\000\355\000s\000i\000c\000o\000s\000\040\000d\000a\000\040\000E\000s\000p\000e\000c\000t\000r\000o\000s\000c\000o\000p\000i\000a\000\040\000d\000e\000\040\000I\000m\000a\000g\000e\000a\000m\000e\000n\000t\000o\000\040\000e\000\040\000F\000o\000r\000m\000a\000\347\000\343\000o\000\040\000d\000e\000\040\000I\000m\000a\000g\000e\000n\000s\000\040\000E\000s\000p\000e\000c\000t\000r\000a\000i\000s}{chapter.2}% 9
\BOOKMARK [2][-]{subsection.2.1.1}{\376\377\000O\000\040\000e\000s\000p\000e\000c\000t\000r\000o\000\040\000e\000l\000e\000t\000r\000o\000m\000a\000g\000n\000\351\000t\000i\000c\000o}{section.2.1}% 10
\BOOKMARK [2][-]{subsection.2.1.2}{\376\377\000P\000r\000o\000p\000r\000i\000e\000d\000a\000d\000e\000s\000\040\000\323\000p\000t\000i\000c\000a\000s\000\040\000d\000o\000s\000\040\000M\000a\000t\000e\000r\000i\000a\000i\000s}{section.2.1}% 11
\BOOKMARK [2][-]{subsection.2.1.3}{\376\377\000P\000r\000i\000n\000c\000\355\000p\000i\000o\000s\000\040\000d\000e\000\040\000S\000e\000n\000s\000o\000r\000i\000a\000m\000e\000n\000t\000o\000\040\000R\000e\000m\000o\000t\000o\000\040\000H\000i\000p\000e\000r\000e\000s\000p\000e\000c\000t\000r\000a\000l}{section.2.1}% 12
\BOOKMARK [1][-]{section.2.2}{\376\377\000T\000\351\000c\000n\000i\000c\000a\000s\000\040\000d\000e\000\040\000P\000r\000o\000c\000e\000s\000s\000a\000m\000e\000n\000t\000o\000\040\000d\000e\000\040\000I\000m\000a\000g\000e\000n\000s\000\040\000H\000i\000p\000e\000r\000e\000s\000p\000e\000c\000t\000r\000a\000i\000s}{chapter.2}% 13
\BOOKMARK [2][-]{subsection.2.2.1}{\376\377\000P\000r\000\351\000-\000p\000r\000o\000c\000e\000s\000s\000a\000m\000e\000n\000t\000o\000\040\000e\000\040\000C\000o\000r\000r\000e\000\347\000\343\000o\000\040\000R\000a\000d\000i\000o\000m\000\351\000t\000r\000i\000c\000a}{section.2.2}% 14
\BOOKMARK [2][-]{subsection.2.2.2}{\376\377\000R\000e\000d\000u\000\347\000\343\000o\000\040\000D\000i\000m\000e\000n\000s\000i\000o\000n\000a\000l\000\040\000e\000\040\000S\000e\000l\000e\000\347\000\343\000o\000\040\000d\000e\000\040\000B\000a\000n\000d\000a\000s}{section.2.2}% 15
\BOOKMARK [2][-]{subsection.2.2.3}{\376\377\000A\000l\000g\000o\000r\000i\000t\000m\000o\000s\000\040\000d\000e\000\040\000C\000l\000a\000s\000s\000i\000f\000i\000c\000a\000\347\000\343\000o\000\040\000E\000s\000p\000e\000c\000t\000r\000a\000l}{section.2.2}% 16
\BOOKMARK [1][-]{section.2.3}{\376\377\000A\000r\000q\000u\000i\000t\000e\000t\000u\000r\000a\000s\000\040\000H\000e\000t\000e\000r\000o\000g\000\352\000n\000e\000a\000s\000\040\000d\000e\000\040\000P\000r\000o\000c\000e\000s\000s\000a\000m\000e\000n\000t\000o}{chapter.2}% 17
\BOOKMARK [2][-]{subsection.2.3.1}{\376\377\000F\000u\000n\000d\000a\000m\000e\000n\000t\000o\000s\000\040\000d\000e\000\040\000C\000o\000m\000p\000u\000t\000a\000\347\000\343\000o\000\040\000H\000e\000t\000e\000r\000o\000g\000\352\000n\000e\000a}{section.2.3}% 18
\BOOKMARK [2][-]{subsection.2.3.2}{\376\377\000A\000r\000q\000u\000i\000t\000e\000t\000u\000r\000a\000s\000\040\000C\000P\000U\000+\000G\000P\000U\000\040\000I\000n\000t\000e\000g\000r\000a\000d\000a\000s}{section.2.3}% 19
\BOOKMARK [2][-]{subsection.2.3.3}{\376\377\000S\000i\000s\000t\000e\000m\000a\000s\000\040\000C\000P\000U\000+\000F\000P\000G\000A}{section.2.3}% 20
\BOOKMARK [0][-]{chapter.3}{\376\377\000M\000e\000t\000o\000d\000o\000l\000o\000g\000i\000a}{}% 21
\BOOKMARK [1][-]{section.3.1}{\376\377\000C\000o\000n\000s\000i\000d\000e\000r\000a\000\347\000\365\000e\000s\000\040\000I\000n\000i\000c\000i\000a\000i\000s}{chapter.3}% 22
\BOOKMARK [1][-]{section.3.2}{\376\377\000D\000e\000l\000i\000m\000i\000t\000a\000\347\000\343\000o\000\040\000d\000o\000\040\000E\000s\000c\000o\000p\000o\000\040\000T\000e\000c\000n\000o\000l\000\363\000g\000i\000c\000o}{chapter.3}% 23
\BOOKMARK [2][-]{subsection.3.2.1}{\376\377\000P\000l\000a\000t\000a\000f\000o\000r\000m\000a\000s\000\040\000d\000e\000\040\000H\000a\000r\000d\000w\000a\000r\000e\000\040\000E\000s\000p\000e\000c\000\355\000f\000i\000c\000a\000s}{section.3.2}% 24
\BOOKMARK [2][-]{subsection.3.2.2}{\376\377\000F\000e\000r\000r\000a\000m\000e\000n\000t\000a\000s\000\040\000d\000e\000\040\000S\000i\000m\000u\000l\000a\000\347\000\343\000o\000\040\000e\000\040\000D\000e\000s\000e\000n\000v\000o\000l\000v\000i\000m\000e\000n\000t\000o}{section.3.2}% 25
\BOOKMARK [1][-]{section.3.3}{\376\377\000D\000a\000t\000a\000s\000e\000t\000\040\000A\000g\000r\000\355\000c\000u\000l\000a}{chapter.3}% 26
\BOOKMARK [2][-]{subsection.3.3.1}{\376\377\000C\000e\000n\000\341\000r\000i\000o\000s\000\040\000d\000e\000\040\000T\000e\000s\000t\000e\000\040\000E\000s\000p\000e\000c\000\355\000f\000i\000c\000o\000s}{section.3.3}% 27
\BOOKMARK [1][-]{section.3.4}{\376\377\000T\000\351\000c\000n\000i\000c\000a\000s\000\040\000d\000e\000\040\000P\000r\000o\000c\000e\000s\000s\000a\000m\000e\000n\000t\000o\000\040\000E\000s\000p\000e\000c\000\355\000f\000i\000c\000a\000s}{chapter.3}% 28
\BOOKMARK [2][-]{subsection.3.4.1}{\376\377\000P\000i\000p\000e\000l\000i\000n\000e\000\040\000d\000e\000\040\000P\000r\000\351\000-\000p\000r\000o\000c\000e\000s\000s\000a\000m\000e\000n\000t\000o}{section.3.4}% 29
\BOOKMARK [2][-]{subsection.3.4.2}{\376\377\000T\000\351\000c\000n\000i\000c\000a\000s\000\040\000d\000e\000\040\000P\000r\000o\000c\000e\000s\000s\000a\000m\000e\000n\000t\000o\000\040\000P\000r\000i\000n\000c\000i\000p\000a\000l}{section.3.4}% 30
\BOOKMARK [1][-]{section.3.5}{\376\377\000P\000r\000o\000t\000o\000c\000o\000l\000o\000\040\000d\000e\000\040\000C\000o\000m\000p\000a\000r\000a\000\347\000\343\000o\000\040\000e\000\040\000A\000v\000a\000l\000i\000a\000\347\000\343\000o}{chapter.3}% 31
\BOOKMARK [2][-]{subsection.3.5.1}{\376\377\000M\000\351\000t\000r\000i\000c\000a\000s\000\040\000d\000e\000\040\000P\000e\000r\000f\000o\000r\000m\000a\000n\000c\000e\000\040\000C\000o\000m\000p\000u\000t\000a\000c\000i\000o\000n\000a\000l}{section.3.5}% 32
\BOOKMARK [2][-]{subsection.3.5.2}{\376\377\000M\000\351\000t\000r\000i\000c\000a\000s\000\040\000d\000e\000\040\000E\000f\000i\000c\000i\000\352\000n\000c\000i\000a\000\040\000E\000n\000e\000r\000g\000\351\000t\000i\000c\000a}{section.3.5}% 33
\BOOKMARK [2][-]{subsection.3.5.3}{\376\377\000M\000\351\000t\000r\000i\000c\000a\000s\000\040\000d\000e\000\040\000Q\000u\000a\000l\000i\000d\000a\000d\000e\000\040\000p\000a\000r\000a\000\040\000A\000g\000r\000i\000c\000u\000l\000t\000u\000r\000a}{section.3.5}% 34
\BOOKMARK [1][-]{section.3.6}{\376\377\000C\000r\000o\000n\000o\000g\000r\000a\000m\000a\000\040\000d\000e\000\040\000E\000x\000e\000c\000u\000\347\000\343\000o\000\040\000E\000s\000p\000e\000c\000\355\000f\000i\000c\000o}{chapter.3}% 35
\BOOKMARK [2][-]{subsection.3.6.1}{\376\377\000F\000a\000s\000e\000\040\0001\000\040\000-\000\040\000I\000m\000p\000l\000e\000m\000e\000n\000t\000a\000\347\000\343\000o\000\040\000F\000P\000G\000A\000\040\000\050\0008\000\040\000s\000e\000m\000a\000n\000a\000s\000\051}{section.3.6}% 36
\BOOKMARK [2][-]{subsection.3.6.2}{\376\377\000F\000a\000s\000e\000\040\0002\000\040\000-\000\040\000I\000m\000p\000l\000e\000m\000e\000n\000t\000a\000\347\000\343\000o\000\040\000G\000P\000U\000\040\000\050\0006\000\040\000s\000e\000m\000a\000n\000a\000s\000\051}{section.3.6}% 37
\BOOKMARK [2][-]{subsection.3.6.3}{\376\377\000F\000a\000s\000e\000\040\0003\000\040\000-\000\040\000V\000a\000l\000i\000d\000a\000\347\000\343\000o\000\040\000e\000\040\000C\000o\000m\000p\000a\000r\000a\000\347\000\343\000o\000\040\000\050\0004\000\040\000s\000e\000m\000a\000n\000a\000s\000\051}{section.3.6}% 38
\BOOKMARK [2][-]{subsection.3.6.4}{\376\377\000F\000a\000s\000e\000\040\0004\000\040\000-\000\040\000S\000\355\000n\000t\000e\000s\000e\000\040\000F\000i\000n\000a\000l\000\040\000\050\0002\000\040\000s\000e\000m\000a\000n\000a\000s\000\051}{section.3.6}% 39
\BOOKMARK [0][-]{chapter.4}{\376\377\000C\000o\000n\000c\000l\000u\000s\000\365\000e\000s\000\040\000e\000\040\000t\000r\000a\000b\000a\000l\000h\000o\000s\000\040\000f\000u\000t\000u\000r\000o\000s}{}% 40
